[alster.se/index.html]
[alster.se/_app/immutable/assets/0.C-KFOaBB.css]
[alster.se/_app/immutable/assets/Paragraph.Dsrb8fIS.css]
[alster.se/_app/immutable/assets/2.B95DZPgf.css]
[alster.se/_app/immutable/entry/start.BKt48qjw.js]
[alster.se/_app/immutable/chunks/entry.CiWN4CcP.js]
[alster.se/_app/immutable/chunks/scheduler.BI4HnfVh.js]
[alster.se/_app/immutable/entry/app.Ggpm-Tmd.js]
[alster.se/_app/immutable/chunks/index.CUUmy6kY.js]
[alster.se/_app/immutable/nodes/0.BmREm5sr.js]
[alster.se/_app/immutable/chunks/Paragraph.D7vEZ5dl.js]
[alster.se/_app/immutable/chunks/stores.q2acAWvN.js]
[backblue.gif]
[fade.gif]
[index.html]
[alster.se/_app/immutable/nodes/2.DHSURTRZ.js]
[alster.se/_app/immutable/assets/apple-touch-icon.CsoaPRkt.png]
[alster.se/alster_share.jpg]
[alster.se/sitemap.xml]
[use.typekit.net/zjl6sdq.css]
[alster.se/_app/immutable/assets/tangy-logo.DtDazHHU.svg]
[alster.se/_app/immutable/assets/prima-vard-logo.DplQI1_N.svg]
[alster.se/_app/immutable/assets/charly-logo.DuhWbuQZ.svg]
[alster.se/_app/immutable/assets/unhcr-logo.CeY4tTgo.svg]
[alster.se/_app/immutable/assets/digital-products-chatflight.BzRtoNkk.mp4]
[alster.se/_app/immutable/assets/digital-products-charly._7qDY3mz.mp4]
[alster.se/_app/immutable/assets/digital-products-babytalk.CLsitzgy.mp4]
[alster.se/_app/immutable/assets/neonode-logo.OCHf9F58.svg]
[alster.se/_app/immutable/assets/labs-and-sandbox-billboard.CTR5V-Uu.mp4]
[alster.se/_app/immutable/assets/labs-and-sandbox-ping-pong.BITnjEip.mp4]
[alster.se/_app/immutable/assets/labs-and-sandbox-nike.DumM7Fp2.mp4]
[alster.se/cdn-cgi/l/email-protection.html]
[alster.se/index.html]
[alster.se/_app/immutable/assets/0.C-KFOaBB.css]
[alster.se/_app/immutable/assets/Paragraph.Dsrb8fIS.css]
[alster.se/_app/immutable/assets/2.B95DZPgf.css]
[alster.se/sitemap.html]
[alster.se/cdn-cgi/scripts/5c5dd728/cloudflare-static/email-decode.min.js]
[use.typekit.net/af/d7f1e9/00000000000000007735bb2a/30/le196]
[use.typekit.net/af/d7f1e9/00000000000000007735bb2a/30/de196]
[use.typekit.net/zjl6sdq.css]
[alster.se/_app/immutable/assets/tangy-logo.DtDazHHU.svg]
[alster.se/_app/immutable/assets/prima-vard-logo.DplQI1_N.svg]
[alster.se/_app/immutable/assets/charly-logo.DuhWbuQZ.svg]
[alster.se/_app/immutable/assets/unhcr-logo.CeY4tTgo.svg]
[alster.se/_app/immutable/assets/neonode-logo.OCHf9F58.svg]
[alster.se/cdn-cgi/l/email-protection.html]
[p.typekit.net/p58c5.css]
[use.typekit.net/af/d7f1e9/00000000000000007735bb2a/30/ae196]
